
> website@0.1.0 build
> next build

Γû▓ Next.js 16.1.6 (Turbopack, Cache Components)
- Environments: .env.local

  Creating an optimized production build ...
